RIPTIDE LIT v0.2 - ENGINE VALIDATION
Main first, per the validation order. Internal and Deep are
reported but Main has to be right before either matters.

THE FIXTURE: the reference shows 23 TAKEN inducements per ~2000
bars on ZEC 15m, splitting 56.5/43.5 BOS-first vs CHoCH-first.

  symbol        bars   real  pivots   IDM  taken   BOS  CHoCH  flip  taken/2k  invariant
  ZEC_USDT     11519    67%     106    54     19    13     13     6       3.3          0
  BTC_USDT     11519    68%     147    62     24    15     15     9       4.2          0
  ETH_USDT     11519    64%     161    48     28    21     21     9       4.9          0
  SOL_USDT     11519    66%     287    84     49    33     33    18       8.5          0
  ONDO_USDT    11519    60%     274   102     49    36     36    17       8.5          0
  LINK_USDT    11519    61%     272   105     52    37     37    17       9.0          0
  AVAX_USDT    11519    53%     150    58     29    23     23     9       5.0          0
  DOGE_USDT    11519    66%     177    54     28    20     20    10       4.9          0

================================================================================================
ZEC 15m AGAINST THE REFERENCE FIXTURE
================================================================================================
  the 23 is the reference's DEEPEST degree, not its Main - it was
  recorded in research/lit.py as 'deep-degree IDM count 21 vs
  reference 23'. So Deep is the row that has to match, and Main
  being far below it is expected rather than a fault.
  depth      taken   per 2000 bars   vs ref 23   BOS-first    n
  main          19             3.3       0.14x       70.6%   17
  int           84            14.6       0.63x       63.8%   47
  deep         170            29.5       1.28x       62.9%   35
  reference first passage 56.5% BOS-first.

================================================================================================
INVARIANTS - any non-zero row is a real defect
================================================================================================
  all clean across every depth and every symbol

================================================================================================
ARE THE THREE DEPTHS DIFFERENT STRUCTURES
================================================================================================
  ONE normalized stream - repeated normalization is idempotent and
  was measured to filter nothing. Each depth owns its own ORIENTED
  detector and its own scope, which is what makes the pivots differ.
  depth      pivots    IDM  taken   BOS  flip  resets  latent used
  main         1574    567    278   198    95       0          122
  int          3052   1513    703   322   114     571          179
  deep         4383   2567   1210   398   100    1139          187

================================================================================================
PHASE OCCUPANCY - longest run in one phase, in bars
================================================================================================
  a phase held for most of the window is a deadlock wearing a state name.
  main  discover   859   track   951   seek   154   lock  7338
  int   discover  1743   track   577   seek  2457   lock   951
  deep  discover   314   track   445   seek  1512   lock  2363

================================================================================================
EVERY BOS LOCKED BY MAIN
================================================================================================
    broke                                    198 ( 71%)
    abandoned - CHoCH resolved first          74 ( 27%)
    still open at window end                   6 (  2%)
  distance from price when locked: median 1.43%   p90 3.80%   max 35.68%

================================================================================================
SAME-BAR AMBIGUITY AND INSIDE BARS
================================================================================================
  bars touching both boundaries at once: 0 - excluded from first passage, never resolved by guessing
  candles taking out both sides of a mother range: 4489 at Main

================================================================================================
ARE THE DEPTHS MIRRORING EACH OTHER
================================================================================================
  the brief's complaint is iBOS/iCHoCH that duplicate Main. a level
  published by a child at the SAME price and SAME anchor bar as one
  its parent published is a mirror, not internal structure.
  pair                child levels   identical to parent   share
  main -> int                 2538                   442   17.4%
  int -> deep                 4175                  1218   29.2%
  anything approaching 100% means the hierarchy is decorative.
