MainOrderFlowState - EXPERIMENTAL, ZEC 15m
fixture window 08 Sep 00:00 .. 13 Sep 20:00   bars 10958..11518

============================================================================================
CONTROL - canonical Main
============================================================================================
  external PB confirmed in window : 9
  IDM published / taken (all data): 54 / 19
  open PB still running at the right edge: 255 bars

============================================================================================
OF-A  flow carries structural direction
============================================================================================
  external PB confirmed  in window     8   whole data    105
  per 2000 bars              18.2
  IDM create 19  migrate 34  taken 19   flow direction changes 6
  PB duration  median    3  p90    21  p95    71  p99    221  max    666
  in-window    median    4  max   221
  the reference shows roughly 8 external corrections across this window.
  longest silent interval: 7422 bars (whole data)   in-window 241 bars from 06 Sep 17:15 to 09 Sep 05:30
  silent tail to the right edge: 256 bars
  §20 GATE: REJECT - leaves the problem region silent
  first 10 in window:
    #98   bull    06 Sep 22:15 -> 09 Sep 05:30    pivot  1105.54   221 bars
    #99   bull    09 Sep 05:45 -> 09 Sep 07:45    pivot  1202.03     8 bars
    #100  bull    09 Sep 08:15 -> 09 Sep 08:30    pivot  1232.22     1 bars
    #101  bull    09 Sep 09:30 -> 09 Sep 11:15    pivot  1232.23     7 bars
    #102  bull    09 Sep 15:00 -> 09 Sep 15:15    pivot  1259.90     1 bars
    #103  bull    09 Sep 15:30 -> 09 Sep 15:45    pivot  1248.38     1 bars
    #104  bear    11 Sep 00:00 -> 11 Sep 02:30    pivot  1100.00    10 bars
    #105  bear    11 Sep 03:00 -> 11 Sep 04:00    pivot  1073.93     4 bars

============================================================================================
OF-B  opposite confirmation re-orients (OF-1 literal)
============================================================================================
  external PB confirmed  in window     6   whole data    374
  per 2000 bars              64.9
  IDM create 24  migrate 41  taken 24   flow direction changes 99
  PB duration  median    2  p90    25  p95    81  p99    962  max   2224
  in-window    median    1  max   221
  the reference shows roughly 8 external corrections across this window.
  longest silent interval: 1104 bars (whole data)   in-window 241 bars from 06 Sep 17:15 to 09 Sep 05:30
  silent tail to the right edge: 401 bars
  §20 GATE: REJECT - raw swing noise, not a structural scale
  first 10 in window:
    #369  bull    06 Sep 22:15 -> 09 Sep 05:30    pivot  1105.54   221 bars
    #370  bull    09 Sep 05:45 -> 09 Sep 07:45    pivot  1202.03     8 bars
    #371  bull    09 Sep 08:15 -> 09 Sep 08:30    pivot  1232.22     1 bars
    #372  bull    09 Sep 09:30 -> 09 Sep 11:15    pivot  1232.23     7 bars
    #373  bull    09 Sep 15:00 -> 09 Sep 15:15    pivot  1259.90     1 bars
    #374  bull    09 Sep 15:30 -> 09 Sep 15:45    pivot  1248.38     1 bars
