IS THE BAND EARNING ITS PLACE AS THE SECOND KEY?
59 symbols · 333 days · 15m+30m+1h · 9118 filled trades
The stream the bot sends: daily POI, 8h trend agreeing, grade A/B.

========================================================================================
PRIMARY — swap ONLY the ranking key, 120m cooldown, causal
========================================================================================
  key                                     n        R   maxDD   recov    1st    2nd      acct
  A  tf > band > confd  (shipped)      2909    205.2    31.5    6.52   3.23   3.57     +473%
  B  tf > confd         (no band)      2909    195.6    35.8    5.46   3.48   2.75     +421%
  C  tf > confd > band                 2909    210.4    35.6    5.91   3.50   3.18     +506%
  D  band > tf > confd                 2909    205.4    33.2    6.18   3.30   3.33     +474%

  -- E: a COIN TOSS in the band's seat, 40 draws --------------------------
  random tiebreak                                              recov    1st    2nd
    5th pct                                                     3.93   2.66   1.68
    median                                                      5.72   3.99   2.61
    90th pct                                                    6.99   5.09   3.47
    95th pct                                                    8.24   5.24   3.76

  the shipped rule beats 80% of coin tosses (6.52 against a median of 5.72)
  1st half: 3.23 vs median 3.99   2nd half: 3.57 vs median 2.61

========================================================================================
SECONDARY — does the band order this population at all?
symbol bootstrap, 4000 draws, resampling the universe not the bars
========================================================================================
  cell                                n    R/bet   boot 5th  boot 95th   P(<=0)

  ALL
      tight                        3562   +0.053     +0.002     +0.082       4%
      normal                       4230   +0.006     -0.035     +0.037      46%
      wide                         1326   +0.006     -0.056     +0.053      50%
      normal vs the rest           4230   +0.006     -0.035     +0.037      46%

  confirmed
      tight                         468   +0.218     +0.115     +0.289       0%
      normal                        394   -0.019     -0.120     +0.048      76%
      wide                          248   -0.060     -0.199     +0.071      74%
      normal vs the rest            394   -0.019     -0.120     +0.048      76%

  early
      tight                        3094   +0.039     -0.010     +0.068      11%
      normal                       3836   +0.004     -0.035     +0.037      48%
      wide                         1078   +0.019     -0.038     +0.066      32%
      normal vs the rest           3836   +0.004     -0.035     +0.037      48%

  per timeframe, normal band only
      Min15 normal                 2851   -0.014     -0.061     +0.025      76%
      Min30 normal                 1072   +0.035     -0.034     +0.090      23%
      Min60 normal                  307   +0.060     -0.066     +0.174      21%

  band boundaries in use: 1.2% and 2.6%
