Could ANY exit rule rescue a grab entry? An exit-free look at the path.

POST-HOC DIAGNOSTIC. No verdict, no prereg, no fees.
Read the GAP between 'every grab' and 'random bars'. A row read
against 50% means nothing — see the module docstring.

═══ Min15  (192 bars = 48h) ═══
    every grab                    43429   +1R first  48.2% ± 0.2   z -7.31   undecided  0.3%   MFE 5.91   MAE 5.89
    random bars, RISK-MATCHED     43429   +1R first  46.3% ± 0.2   z -15.21   undecided  0.7%   MFE 6.02   MAE 6.08
    CCP accepted (A1)              7307   +1R first  49.5% ± 0.6   z -0.84   undecided  0.2%   MFE 4.68   MAE 4.77
    CCP rejected                  36122   +1R first  48.0% ± 0.3   z -7.64   undecided  0.3%   MFE 6.25   MAE 6.20
    right end only (A2)           16336   +1R first  49.1% ± 0.4   z -2.26   undecided  0.3%   MFE 4.80   MAE 4.76

═══ Min30  (96 bars = 48h) ═══
    every grab                    22213   +1R first  47.9% ± 0.3   z -6.28   undecided  1.1%   MFE 3.91   MAE 4.05
    random bars, RISK-MATCHED     22213   +1R first  46.7% ± 0.3   z -9.80   undecided  2.0%   MFE 4.01   MAE 4.05
    CCP accepted (A1)              3751   +1R first  48.2% ± 0.8   z -2.17   undecided  1.1%   MFE 3.00   MAE 3.33
    CCP rejected                  18462   +1R first  47.8% ± 0.4   z -5.91   undecided  1.1%   MFE 4.14   MAE 4.24
    right end only (A2)            8308   +1R first  48.9% ± 0.6   z -2.04   undecided  0.9%   MFE 3.17   MAE 3.30

═══ Min60  (48 bars = 48h) ═══
    every grab                    10655   +1R first  48.4% ± 0.5   z -3.34   undecided  3.2%   MFE 2.54   MAE 2.67
    random bars, RISK-MATCHED     10655   +1R first  46.8% ± 0.5   z -6.42   undecided  4.2%   MFE 2.73   MAE 2.69
    CCP accepted (A1)              1606   +1R first  48.4% ± 1.3   z -1.29   undecided  3.2%   MFE 1.98   MAE 2.22
    CCP rejected                   9049   +1R first  48.4% ± 0.5   z -3.08   undecided  3.2%   MFE 2.67   MAE 2.77
    right end only (A2)            3859   +1R first  47.8% ± 0.8   z -2.64   undecided  3.4%   MFE 2.06   MAE 2.28

READING IT: 50% is NOT the reference. Bars are discrete and a bar
spanning both levels is scored adverse, so the statistic is biased
below 50% even on a driftless path. THE RANDOM CONTROL IS THE
REFERENCE — it carries the same bias at the same risk size. Read
only the gap between the two rows, never a row against 50%.
