WHAT IS LEFT HOLDING UP THE TIMEFRAME KEY?
59 symbols · 333 days · 9118 filled trades
rates in force: maker 0.01% · taker 0.022% (measured from a settlement, not quoted)

============================================================================================
A — THE ARITHMETIC: what the fee actually costs, per timeframe
============================================================================================
  tf            n  med stop   gross R    net R    fee R   fee as % of gross
  15m        4625     1.01%   +0.0064  -0.0268   0.0332                521%
  30m        2839     1.45%   +0.0486  +0.0255   0.0230                 47%
  1h         1654     2.04%   +0.0594  +0.0435   0.0160                 27%

  'fee as % of gross' is the number decide.py quotes as 67% on 15m
  and 16% on 1h. Those were computed at the OLD 0.02/0.06 rates.

============================================================================================
B — THE OPERATIONAL TEST: the same ranking arms, scored WITHOUT fees
============================================================================================

  -- fees IN (the shipped world) ---------------------------------------
  key                                     n        R   maxDD   recov    1st    2nd
  A  tf > band > confd  (shipped)      2909    205.2    31.5    6.52   3.23   3.57
  B  tf > confd         (no band)      2909    195.6    35.8    5.46   3.48   2.75
  C  tf > confd > band                 2909    210.4    35.6    5.91   3.50   3.18
  D  band > tf > confd                 2909    205.4    33.2    6.18   3.30   3.33
  E  coin toss: 5th / median / 90th                             3.93   5.72   6.99
  -> shipped beats 80% of coin tosses

  -- fees OFF entirely -------------------------------------------------
  key                                     n        R   maxDD   recov    1st    2nd
  A  tf > band > confd  (shipped)      2909    288.1    26.9   10.72   5.28   5.86
  B  tf > confd         (no band)      2909    280.1    31.0    9.04   5.48   4.67
  C  tf > confd > band                 2909    293.6    31.0    9.48   5.48   5.11
  D  band > tf > confd                 2909    288.4    28.1   10.26   5.46   5.55
  E  coin toss: 5th / median / 90th                             6.74   9.11  11.48
  -> shipped beats 78% of coin tosses

============================================================================================
C — SENSITIVITY: the fee is a RANGE, so the answer is one too
============================================================================================
  The gross/net pair above brackets it. Interpolating linearly in
  the fee rate, since fee in R is exactly fee_pct / risk_pct:

  rates                               fee R/trade   as % of the   
                                                    +0.071 edge
  zero (promo pairs)                       0.0000            0%
  measured (0.01+0.022)                    0.0269           38%
  MEXC list (0.02+0.06)                    0.0672           95%
  list, no MX discount (0.04+0.10)         0.1176          166%

  what the shipped key picks, fees in vs fees off:
                         15m     30m      1h   early  normal
  shipped picks          64%     22%     14%     86%     47%

  (the picks are the same either way — the fee changes what each
   trade SCORES, never which one the ranking names.)
