IS THE CONFIRMED CELL REAL, OR THE BEST OF FOUR ARMS?
27040 filled signals, 333 days, Min30. 1261 of them grade A/B and CONFIRMED.

                                                 R/sig      n       R/sig      n
    confirmed, structure agrees vs disagrees    +0.152    866  vs  -0.110    395   diff +0.262  |SE|  3.1  SEPARATES

====================================================================================================
WHAT THE GATE WOULD ACTUALLY DO
====================================================================================================
  separation is not a decision. a gate only pays if the group it
  CUTS loses money -- less positive is not the same as negative.
  confirmed, all          kept   866  +0.152     cut   395  -0.110   total   +87.9R  gated  +131.4R   delta  +43.5R   alerts -31%

====================================================================================================
BOTH HALVES
====================================================================================================
    half 1                                      +0.158    462  vs  -0.092    169   diff +0.250  |SE|  2.0  SEPARATES
    half 1                kept   462  +0.158     cut   169  -0.092   total   +57.3R  gated   +72.9R   delta  +15.6R   alerts -27%
    half 2                                      +0.145    404  vs  -0.123    226   diff +0.268  |SE|  2.3  SEPARATES
    half 2                kept   404  +0.145     cut   226  -0.123   total   +30.6R  gated   +58.5R   delta  +27.9R   alerts -36%

====================================================================================================
THE TWO NULLS — 2000 rotations
====================================================================================================
  plain, confirmed arm alone                 p95  2.0   max  3.4   real  3.1   p  0.003   CLEARS
  FAMILY-WISE, max of the four arms read     p95  2.7   max  4.3   real  3.1   p  0.018   CLEARS

====================================================================================================
SYMBOL BOOTSTRAP — 2000 draws
====================================================================================================
  [+0.103, +0.424]   median +0.259   all above zero
