THE STRUCTURE INDICATOR'S TREND AS A GATE ON RIPTIDE SIGNALS
27040 filled signals with a known structural trend, 59 symbols, 333 days, Min30.
9159 of them are grade A/B — the shipped pool, where the SuperTrend/DI bias already agrees.

                                                 R/sig      n       R/sig      n
  PRIMARY  A/B, structure agrees vs disagrees   +0.080   5635  vs  +0.004   3524   diff +0.075  |SE|  2.5  SEPARATES
    early                                       +0.067   4769  vs  +0.019   3129   diff +0.048  |SE|  1.5
    confirmed                                   +0.152    866  vs  -0.110    395   diff +0.262  |SE|  3.1  SEPARATES

====================================================================================================
THE REDUNDANCY CONTROL — is this the gate we already have?
====================================================================================================
  the structural trend and the SuperTrend/DI bias give the same answer on
  17898 of 27040 signals (66%), measured on the WHOLE pool.
  a high number here means any effect above is the existing gate
  wearing a different hat, whatever its significance.

  the 17881 signals the existing gate THROWS AWAY (grade C/D) — does structure rescue them?
      C/D, structure agrees vs disagrees        -0.013   5618  vs  -0.032  12263   diff +0.019  |SE|  0.9

====================================================================================================
BOTH HALVES — A/B pool
====================================================================================================
    half 1                                      +0.089   2932  vs  +0.002   1648   diff +0.087  |SE|  2.0  SEPARATES
    half 2                                      +0.070   2703  vs  +0.007   1876   diff +0.063  |SE|  1.5

====================================================================================================
CIRCULAR-SHIFT NULL — 300 rotations of the trend series
====================================================================================================
  rotating the trend keeps its run lengths and its up/down balance
  and breaks only the link to the outcome.
    A/B                                         +0.080   5635  vs  +0.004   3524   diff +0.075  |SE|  2.5  SEPARATES
    null p95 2.1   null max 4.0   real 2.5   CLEARS
    C/D                                         -0.013   5618  vs  -0.032  12263   diff +0.019  |SE|  0.9
    null p95 1.8   null max 3.1   real 0.9   FAILS - inside the null

====================================================================================================
SYMBOL BOOTSTRAP — 2000 draws
====================================================================================================
  A/B                      [+0.013, +0.139]   median +0.075   all above zero
  C/D                      [-0.024, +0.063]   median +0.018   STRADDLES ZERO
