LSR-4 ON LIQUID SYMBOLS WITH A DELIBERATE STOP FLOOR
The inverse of scalp_lab: tight spread, small ATR, stop chosen
rather than inherited from the raid.

  SOL_USDT         1m ATR  0.043%   spread  0.0099%     769.7M
  ZEC_USDT         1m ATR  0.131%   spread  0.0071%     275.1M
  XRP_USDT         1m ATR  0.035%   spread  0.0073%     202.5M
  HYPE_USDT        1m ATR  0.073%   spread  0.0013%      95.8M
  PEPE_USDT        1m ATR  0.080%   spread  0.0059%      63.5M
  NEAR_USDT        1m ATR  0.147%   spread  0.0428%      46.9M
  SKHYNIXSTOCK_USDT 1m ATR  0.015%   spread  0.0498%      35.9M
  SUI_USDT         1m ATR  0.063%   spread  0.0416%      34.4M
  DOGE_USDT        1m ATR  0.042%   spread  0.0118%      30.7M
  ADA_USDT         1m ATR  0.087%   spread  0.0483%      26.2M
  TAO_USDT         1m ATR  0.075%   spread  0.0086%      24.3M
  UNI_USDT         1m ATR  0.173%   spread  0.0159%      23.1M
  WLD_USDT         1m ATR  0.106%   spread  0.0250%      20.9M
  MUSTOCK_USDT     1m ATR  0.009%   spread  0.0031%      20.5M

14 liquid symbols · median spread 0.0108%

================================================================================================
THE FULL GRID — net R, printed for transparency, NOT for picking from
================================================================================================
  floor          0.75R          1R       1.25R        1.5R          2R   med stop%       n
  none          -0.012      +0.027      +0.058      +0.089      +0.145      0.280%   13862
  0.15%         -0.001      +0.035      +0.066      +0.097      +0.151      0.280%   13862
  0.2%          +0.010      +0.044      +0.077      +0.108      +0.162      0.280%   13862
  0.25%         +0.021      +0.054      +0.091      +0.121      +0.176      0.280%   13862
  0.3%          +0.029      +0.064      +0.101      +0.129      +0.180      0.300%   13862
  0.4%          +0.044      +0.086      +0.117      +0.145      +0.193      0.400%   13862
  0.6%          +0.066      +0.102      +0.132      +0.155      +0.187      0.600%   13862
  1%            +0.086      +0.107      +0.124      +0.136      +0.153      1.000%   13862

================================================================================================
CHOSEN ON THE FIRST HALF, READ ON THE SECOND
================================================================================================
  target    best floor   disc net   HELD net  held gross   n held     ctrl   resolved  med mins
  0.75              1%     +0.071     +0.101      +0.120     6931   -0.233        67%         1
  1                 1%     +0.096     +0.119      +0.138     6931   -0.228        57%         1
  1.25              1%     +0.118     +0.131      +0.150     6931   -0.222        50%         1
  1.5             0.6%     +0.134     +0.176      +0.208     6931   -0.291        71%         1
  2               0.6%     +0.175     +0.199      +0.231     6931   -0.284        63%         1

================================================================================================
VERDICT
================================================================================================
  1.5R with a 0.6% stop floor: held-out NET +0.176R, 71% resolved
  2R with a 0.6% stop floor: held-out NET +0.199R, 63% resolved

  Clears the +0.15 net floor on held-out data. Worth a
  forward spread log before anything else.
