Is the FVG edge constant GROSS, with fees explaining the timeframe spread?

90 non-discovery symbols, 333 days, the same window at every timeframe

═══ Min15 — 87 symbols, 160587 grabs, 332 days ═══
  FVG grabs   n  30067
    GROSS  R +0.006 ± 0.009   Δ -0.015 ± 0.010  z -1.59   control Δ -0.017
    net    R -0.028 ± 0.009   Δ +0.038
    fee drag 0.034 R at 0.78% median risk   break-even fee ≈ 0.007% round trip

═══ Min30 — 86 symbols, 79253 grabs, 332 days ═══
  FVG grabs   n  14842
    GROSS  R -0.000 ± 0.012   Δ +0.012 ± 0.013  z +0.91   control Δ -0.008
    net    R -0.023 ± 0.012   Δ +0.046
    fee drag 0.022 R at 1.16% median risk   break-even fee ≈ -0.000% round trip

═══ Min60 — 84 symbols, 38181 grabs, 330 days ═══
  FVG grabs   n   6895
    GROSS  R +0.045 ± 0.016   Δ +0.052 ± 0.018  z +2.82   control Δ +0.002
    net    R +0.030 ± 0.016   Δ +0.074
    fee drag 0.015 R at 1.73% median risk   break-even fee ≈ 0.131% round trip

═══ VERDICT ═══
  gross R by timeframe: Min15 +0.006  Min30 -0.000  Min60 +0.045
  spread 0.045 R against a 0.04 band

  bar 1  PASS  300+ bets AND 300+ days, every timeframe
  bar 2  FAIL  gross R positive on all three
  bar 3  FAIL  gross R flat within 0.04 R
  bar 4  PASS  gross Δ beats the random-bar control, all three
  bar 5  FAIL  clustered |z| >= 2.0 on gross Δ, all three
  power   worst MDE 0.037 R  (adequate)

  → NOT SUPPORTED
  Outcome C stands either way — this explains, it does not reinstate.
